package p

var _ = foo{bar: struct {
	baz struct {
		qux struct {
			quux int
		}
	}
}{baz: struct {
	qux struct {
		quux int
	}
}{qux: struct {
	quux int
}{quux: 42}}}}
