package foop

type foo struct {
	bar struct {
		baz int
	}
}

var _ = foo{bar: struct {
	baz int
}{baz: 6}}
